[backblue.gif]
[fade.gif]
[index.html]
[mapserver.inegi.org.mx/CEM3_mapa/css/images/icoINEGI.gif]
[mapserver.inegi.org.mx/CEM3_mapa/js/leaflet-src.js]
[mapserver.inegi.org.mx/CEM3_mapa/js/Leaflet.draw.js]
[mapserver.inegi.org.mx/CEM3_mapa/js/Edit.Poly.js]
[mapserver.inegi.org.mx/CEM3_mapa/js/Edit.SimpleShape.js]
[mapserver.inegi.org.mx/CEM3_mapa/js/Edit.Rectangle.js]
[mapserver.inegi.org.mx/CEM3_mapa/js/Draw.Feature.js]
[mapserver.inegi.org.mx/CEM3_mapa/js/Draw.Polyline.js]
[mapserver.inegi.org.mx/CEM3_mapa/js/Draw.Polygon.js]
[mapserver.inegi.org.mx/CEM3_mapa/js/Draw.SimpleShape.js]
[mapserver.inegi.org.mx/CEM3_mapa/js/Draw.Rectangle.js]
[mapserver.inegi.org.mx/CEM3_mapa/js/Control.Draw.js]
[mapserver.inegi.org.mx/CEM3_mapa/js/Tooltip.js]
[mapserver.inegi.org.mx/CEM3_mapa/js/Toolbar.js]
[mapserver.inegi.org.mx/CEM3_mapa/js/DrawToolbar.js]
[mapserver.inegi.org.mx/CEM3_mapa/js/EditToolbar.js]
[mapserver.inegi.org.mx/CEM3_mapa/js/EditToolbar.Edit.js]
[mapserver.inegi.org.mx/CEM3_mapa/js/EditToolbar.Delete.js]
[mapserver.inegi.org.mx/CEM3_mapa/js/LatLngUtil.js]
[mapserver.inegi.org.mx/CEM3_mapa/js/Label.js]
[mapserver.inegi.org.mx/CEM3_mapa/js/BaseMarkerMethods.js]
[mapserver.inegi.org.mx/CEM3_mapa/js/Marker.Label.js]
[mapserver.inegi.org.mx/CEM3_mapa/js/CircleMarker.Label.js]
[mapserver.inegi.org.mx/CEM3_mapa/js/Path.Label.js]
[mapserver.inegi.org.mx/CEM3_mapa/js/Map.Label.js]
[mapserver.inegi.org.mx/CEM3_mapa/js/FeatureGroup.Label.js]
[mapserver.inegi.org.mx/CEM3_mapa/js/Control.Coordinates.js]
[mapserver.inegi.org.mx/CEM3_mapa/js/NumberFormatter.js]
[mapserver.inegi.org.mx/CEM3_mapa/js/jquery-1.11.0.min.js]
[mapserver.inegi.org.mx/CEM3_mapa/js/capas/estados.js]
[mapserver.inegi.org.mx/CEM3_mapa/js/capas/caneva150k.js]
[mapserver.inegi.org.mx/CEM3_mapa/js/capas/centroidesEdo.js]
[mapserver.inegi.org.mx/CEM3_mapa/js/jquery-ui-1.10.4.custom.js]
[mapserver.inegi.org.mx/CEM3_mapa/js/jquery.selectBox.js]
[mapserver.inegi.org.mx/CEM3_mapa/js/layout2/jquery.layout-latest2.js]
[mapserver.inegi.org.mx/CEM3_mapa/js/Leaflet.singletilewms.js]
[mapserver.inegi.org.mx/CEM3_mapa/js/leaflet-omnivore.js]
[mapserver.inegi.org.mx/CEM3_mapa/js/jquery.fileDownload.js]
[mapserver.inegi.org.mx/CEM3_mapa/js/easy-button.js]
[mapserver.inegi.org.mx/CEM3_mapa/js/funciones.js]
[mapserver.inegi.org.mx/CEM3_mapa/js/init.js]
[www.google-analytics.com/analytics.js]
[mapserver.inegi.org.mx/CEM3_mapa/images/sprite01.png]
[mapserver.inegi.org.mx/CEM3_mapa/images/sprite02.png]
[mapserver.inegi.org.mx/CEM3_mapa/images/sprite03.png]
[mapserver.inegi.org.mx/CEM3_mapa/js/pie/PIE.htc]
[mapserver.inegi.org.mx/CEM3_mapa/images/02.png]
[mapserver.inegi.org.mx/CEM3_mapa/images/01.png]
[mapserver.inegi.org.mx/CEM3_mapa/images/3D.png]
[mapserver.inegi.org.mx/CEM3_mapa/css/images/boton_edit.png]
[mapserver.inegi.org.mx/CEM3_mapa/css/images/poligono_edit.png]
[mapserver.inegi.org.mx/CEM3_mapa/css/images/guardar.png]
[mapserver.inegi.org.mx/CEM3_mapa/css/images/boton_elim.png]
[mapserver.inegi.org.mx/CEM3_mapa/css/images/poligono_elim.png]
[mapserver.inegi.org.mx/CEM3_mapa/js/jquery.leanModal.min.js]
[mapserver.inegi.org.mx/CEM3_mapa/index.html]
[mapserver.inegi.org.mx/CEM3_mapa/css/images/layers.png]
[mapserver.inegi.org.mx/CEM3_mapa/css/images/layers-2x.png]
[mapserver.inegi.org.mx/CEM3_mapa/css/leaflet.css]
[mapserver.inegi.org.mx/CEM3_mapa/css/images/spritesheet.png]
[mapserver.inegi.org.mx/CEM3_mapa/css/images/spritesheet-2x.png]
[mapserver.inegi.org.mx/CEM3_mapa/css/leaflet.draw.css]
[mapserver.inegi.org.mx/CEM3_mapa/css/leaflet.label.css]
[mapserver.inegi.org.mx/CEM3_mapa/css/Control.Coordinates.css]
[mapserver.inegi.org.mx/CEM3_mapa/css/Control.Coordinates.ie.css]
[mapserver.inegi.org.mx/CEM3_mapa/css/images/modal_close.png]
[mapserver.inegi.org.mx/CEM3_mapa/css/images/hd-bg.png]
[mapserver.inegi.org.mx/CEM3_mapa/css/modal.css]
[mapserver.inegi.org.mx/CEM3_mapa/css/images/animated-overlay.gif]
[mapserver.inegi.org.mx/CEM3_mapa/css/images/ui-bg_highlight-hard_100_f2f5f7_1x100.png]
[mapserver.inegi.org.mx/CEM3_mapa/css/images/ui-bg_flat_15_cd0a0a_40x100.png]
[mapserver.inegi.org.mx/CEM3_mapa/css/images/ui-icons_ffffff_256x240.png]
[mapserver.inegi.org.mx/CEM3_mapa/css/images/ui-bg_diagonals-thick_90_eeeeee_40x40.png]
[mapserver.inegi.org.mx/CEM3_mapa/css/images/ui-bg_highlight-hard_70_000000_1x100.png]
[mapserver.inegi.org.mx/CEM3_mapa/css/jquery-ui-1.10.3.custom.css]
[mapserver.inegi.org.mx/CEM3_mapa/css/images/jquery.selectBox-arrow.gif]
[mapserver.inegi.org.mx/CEM3_mapa/css/jquery.selectBox.css]
[mapserver.inegi.org.mx/CEM3_mapa/css/Control.area.css]
